---
http_interactions:
- request:
    method: get
    uri: https://api.wonde.com/v1.0/schools/A852030759
    body:
      encoding: US-ASCII
      string: ''
    headers:
      Accept:
      - "*/*"
      Accept-Encoding:
      - gzip, deflate
      User-Agent:
      - wonde-rb-client-0.0.1
      Authorization:
      - Basic 2a550dc912f6a63488af42352b79c5961e87daf9
      Host:
      - api.wonde.com
  response:
    status:
      code: 200
      message: OK
    headers:
      Date:
      - Thu, 06 Jun 2019 11:16:18 GMT
      Content-Type:
      - application/json; charset=utf-8
      Content-Length:
      - '759'
      Connection:
      - keep-alive
      Server:
      - Apache/2.4.25 (Debian)
      Vary:
      - Authorization
      X-Powered-By:
      - PHP/7.1.26
      Cache-Control:
      - no-cache, private
      Access-Control-Allow-Origin:
      - "*"
      Access-Control-Allow-Methods:
      - GET, POST, PUT, DELETE, OPTIONS
      Access-Control-Allow-Headers:
      - Origin, X-Requested-With, Content-Type, Accept, Access-Control-Allow-Origin,
        Authorization
      Access-Control-Allow-Credentials:
      - 'true'
    body:
      encoding: UTF-8
      string: '{"data":{"id":"A852030759","name":"Outwood Grange Academy 1532082212","establishment_number":3430,"urn":848187,"phase_of_education":"SECONDARY","la_code":"970","timezone":"Europe\/London","mis":"SIMS","address":{"address_line_1":"78
        Bruce Roads","address_line_2":"Zachary Ford","address_town":"Louismouth","address_postcode":"PE25
        1AA","address_country":{"code":"GBR","name":"United Kingdom"}},"extended":{"allows_writeback":true,"has_timetables":false,"has_lesson_attendance":false,"audit_approved_at":{"date":"2018-07-20
        10:24:14","timezone_type":3,"timezone":"UTC"}},"region":{"code":"GBR","domain":"api.wonde.com","school_url":"https:\/\/api.wonde.com\/v1.0\/schools\/A852030759","identifiers":{"la_code":"970","establishment_number":3430,"urn":848187}}}}'
    http_version: 
  recorded_at: Thu, 06 Jun 2019 11:16:17 GMT
- request:
    method: get
    uri: https://api.wonde.com/v1.0/schools/A852030759
    body:
      encoding: US-ASCII
      string: ''
    headers:
      Accept:
      - "*/*"
      Accept-Encoding:
      - gzip, deflate
      User-Agent:
      - wonde-rb-client-0.0.1
      Authorization:
      - Basic 2a550dc912f6a63488af42352b79c5961e87daf9
      Host:
      - api.wonde.com
  response:
    status:
      code: 200
      message: OK
    headers:
      Date:
      - Thu, 06 Jun 2019 11:16:18 GMT
      Content-Type:
      - application/json; charset=utf-8
      Content-Length:
      - '759'
      Connection:
      - keep-alive
      Server:
      - Apache/2.4.25 (Debian)
      Vary:
      - Authorization
      X-Powered-By:
      - PHP/7.1.26
      Cache-Control:
      - no-cache, private
      Access-Control-Allow-Origin:
      - "*"
      Access-Control-Allow-Methods:
      - GET, POST, PUT, DELETE, OPTIONS
      Access-Control-Allow-Headers:
      - Origin, X-Requested-With, Content-Type, Accept, Access-Control-Allow-Origin,
        Authorization
      Access-Control-Allow-Credentials:
      - 'true'
    body:
      encoding: UTF-8
      string: '{"data":{"id":"A852030759","name":"Outwood Grange Academy 1532082212","establishment_number":3430,"urn":848187,"phase_of_education":"SECONDARY","la_code":"970","timezone":"Europe\/London","mis":"SIMS","address":{"address_line_1":"78
        Bruce Roads","address_line_2":"Zachary Ford","address_town":"Louismouth","address_postcode":"PE25
        1AA","address_country":{"code":"GBR","name":"United Kingdom"}},"extended":{"allows_writeback":true,"has_timetables":false,"has_lesson_attendance":false,"audit_approved_at":{"date":"2018-07-20
        10:24:14","timezone_type":3,"timezone":"UTC"}},"region":{"code":"GBR","domain":"api.wonde.com","school_url":"https:\/\/api.wonde.com\/v1.0\/schools\/A852030759","identifiers":{"la_code":"970","establishment_number":3430,"urn":848187}}}}'
    http_version: 
  recorded_at: Thu, 06 Jun 2019 11:16:18 GMT
- request:
    method: get
    uri: https://api.wonde.com/v1.0/schools/A852030759/subjects
    body:
      encoding: US-ASCII
      string: ''
    headers:
      Accept:
      - "*/*"
      Accept-Encoding:
      - gzip, deflate
      User-Agent:
      - wonde-rb-client-0.0.1
      Authorization:
      - Basic 2a550dc912f6a63488af42352b79c5961e87daf9
      Host:
      - api.wonde.com
  response:
    status:
      code: 200
      message: OK
    headers:
      Date:
      - Thu, 06 Jun 2019 11:16:19 GMT
      Content-Type:
      - application/json; charset=utf-8
      Content-Length:
      - '2850'
      Connection:
      - keep-alive
      Server:
      - Apache/2.4.25 (Debian)
      Vary:
      - Authorization
      X-Powered-By:
      - PHP/7.1.26
      Cache-Control:
      - no-cache, private
      Access-Control-Allow-Origin:
      - "*"
      Access-Control-Allow-Methods:
      - GET, POST, PUT, DELETE, OPTIONS
      Access-Control-Allow-Headers:
      - Origin, X-Requested-With, Content-Type, Accept, Access-Control-Allow-Origin,
        Authorization
      Access-Control-Allow-Credentials:
      - 'true'
    body:
      encoding: UTF-8
      string: '{"data":[{"id":"A841226283","mis_id":"5b51b82c2095b","code":"LE","name":"Leisure
        & Tourism","active":null,"created_at":{"date":"2018-07-20 10:23:40.000000","timezone_type":3,"timezone":"UTC"},"updated_at":{"date":"2018-07-20
        10:23:40.000000","timezone_type":3,"timezone":"UTC"}},{"id":"A1209580994","mis_id":"5b51b82c20a31","code":"SO","name":"Sociology","active":null,"created_at":{"date":"2018-07-20
        10:23:40.000000","timezone_type":3,"timezone":"UTC"},"updated_at":{"date":"2018-07-20
        10:23:40.000000","timezone_type":3,"timezone":"UTC"}},{"id":"A1310675293","mis_id":"5b51b82c20af1","code":"FO","name":"Food
        Tech","active":null,"created_at":{"date":"2018-07-20 10:23:40.000000","timezone_type":3,"timezone":"UTC"},"updated_at":{"date":"2018-07-20
        10:23:40.000000","timezone_type":3,"timezone":"UTC"}},{"id":"A1142158068","mis_id":"5b51b82c20bad","code":"TE","name":"Textiles","active":null,"created_at":{"date":"2018-07-20
        10:23:40.000000","timezone_type":3,"timezone":"UTC"},"updated_at":{"date":"2018-07-20
        10:23:40.000000","timezone_type":3,"timezone":"UTC"}},{"id":"A1511429775","mis_id":"5b51b82c20c69","code":"PH","name":"Physical
        Ed","active":null,"created_at":{"date":"2018-07-20 10:23:40.000000","timezone_type":3,"timezone":"UTC"},"updated_at":{"date":"2018-07-20
        10:23:40.000000","timezone_type":3,"timezone":"UTC"}},{"id":"A1343564326","mis_id":"5b51b82c20d14","code":"PE","name":"Peer
        Support","active":null,"created_at":{"date":"2018-07-20 10:23:40.000000","timezone_type":3,"timezone":"UTC"},"updated_at":{"date":"2018-07-20
        10:23:40.000000","timezone_type":3,"timezone":"UTC"}},{"id":"A1443483569","mis_id":"5b51b82c20dd1","code":"RU","name":"Rural
        Science","active":null,"created_at":{"date":"2018-07-20 10:23:40.000000","timezone_type":3,"timezone":"UTC"},"updated_at":{"date":"2018-07-20
        10:23:40.000000","timezone_type":3,"timezone":"UTC"}},{"id":"A1812751176","mis_id":"5b51b82c20e8c","code":"DE","name":"Design
        & Tech","active":null,"created_at":{"date":"2018-07-20 10:23:40.000000","timezone_type":3,"timezone":"UTC"},"updated_at":{"date":"2018-07-20
        10:23:40.000000","timezone_type":3,"timezone":"UTC"}},{"id":"A1644365027","mis_id":"5b51b82c20f45","code":"TH","name":"Theatre
        Studies","active":null,"created_at":{"date":"2018-07-20 10:23:40.000000","timezone_type":3,"timezone":"UTC"},"updated_at":{"date":"2018-07-20
        10:23:40.000000","timezone_type":3,"timezone":"UTC"}},{"id":"A2013780090","mis_id":"5b51b82c21000","code":"FO","name":"Food
        Tech","active":null,"created_at":{"date":"2018-07-20 10:23:40.000000","timezone_type":3,"timezone":"UTC"},"updated_at":{"date":"2018-07-20
        10:23:40.000000","timezone_type":3,"timezone":"UTC"}}],"meta":{"pagination":{"next":null,"previous":null,"more":false,"per_page":50,"current_page":1},"includes":["classes","classes.lessons","classes.lessons.period","classes.lessons.room"]}}'
    http_version: 
  recorded_at: Thu, 06 Jun 2019 11:16:18 GMT
- request:
    method: get
    uri: https://api.wonde.com/v1.0/schools/A852030759/classes?include=subject,students,employees
    body:
      encoding: US-ASCII
      string: ''
    headers:
      Accept:
      - "*/*"
      Accept-Encoding:
      - gzip, deflate
      User-Agent:
      - wonde-rb-client-0.0.1
      Authorization:
      - Basic 2a550dc912f6a63488af42352b79c5961e87daf9
      Host:
      - api.wonde.com
  response:
    status:
      code: 200
      message: OK
    headers:
      Date:
      - Thu, 06 Jun 2019 11:16:19 GMT
      Content-Type:
      - application/json; charset=utf-8
      Transfer-Encoding:
      - chunked
      Connection:
      - keep-alive
      Server:
      - Apache/2.4.25 (Debian)
      Vary:
      - Authorization
      X-Powered-By:
      - PHP/7.1.26
      Cache-Control:
      - no-cache, private
      Access-Control-Allow-Origin:
      - "*"
      Access-Control-Allow-Methods:
      - GET, POST, PUT, DELETE, OPTIONS
      Access-Control-Allow-Headers:
      - Origin, X-Requested-With, Content-Type, Accept, Access-Control-Allow-Origin,
        Authorization
      Access-Control-Allow-Credentials:
      - 'true'
    body:
      encoding: UTF-8
      string: '{"data":[{"id":"A2073985657","mis_id":"5b51b82d0f395","name":"LEI 2","code":null,"description":"51b\/ow9","subject":{"data":{"id":"A841226283","mis_id":"5b51b82c2095b","code":"LE","name":"Leisure
        & Tourism","active":null,"created_at":{"date":"2018-07-20 10:23:40.000000","timezone_type":3,"timezone":"UTC"},"updated_at":{"date":"2018-07-20
        10:23:40.000000","timezone_type":3,"timezone":"UTC"}}},"created_at":{"date":"2018-07-20
        10:23:41.000000","timezone_type":3,"timezone":"UTC"},"updated_at":{"date":"2018-07-20
        10:23:41.000000","timezone_type":3,"timezone":"UTC"},"students":{"data":[{"id":"A205797104","upi":"1479cf1d289684f08600c9ad1f6406fc","mis_id":"5b51b8255f573","initials":null,"surname":"Ward","forename":"Leo","middle_names":"Benjamin","legal_surname":null,"legal_forename":null,"gender":"MALE","date_of_birth":{"date":"2009-11-03
        00:00:00.000000","timezone_type":3,"timezone":"Europe\/London"},"created_at":{"date":"2018-07-20
        10:23:33.000000","timezone_type":3,"timezone":"UTC"},"updated_at":{"date":"2018-07-20
        10:23:33.000000","timezone_type":3,"timezone":"UTC"}},{"id":"A514982845","upi":"36668e5f8d115276618dec59c5004bd6","mis_id":"5b51b8255f6f8","initials":null,"surname":"Simpson","forename":"Tina","middle_names":null,"legal_surname":null,"legal_forename":null,"gender":"FEMALE","date_of_birth":{"date":"2006-07-11
        00:00:00.000000","timezone_type":3,"timezone":"Europe\/London"},"created_at":{"date":"2018-07-20
        10:23:34.000000","timezone_type":3,"timezone":"UTC"},"updated_at":{"date":"2018-07-20
        10:23:35.000000","timezone_type":3,"timezone":"UTC"}},{"id":"A547888262","upi":"d6afbe23d7599a61d3462c17e19ed6be","mis_id":"5b51b8255f82b","initials":null,"surname":"Bell","forename":"Neil","middle_names":"Lucas","legal_surname":null,"legal_forename":null,"gender":"MALE","date_of_birth":{"date":"2003-05-31
        00:00:00.000000","timezone_type":3,"timezone":"Europe\/London"},"created_at":{"date":"2018-07-20
        10:23:35.000000","timezone_type":3,"timezone":"UTC"},"updated_at":{"date":"2018-07-20
        10:23:36.000000","timezone_type":3,"timezone":"UTC"}},{"id":"A849865027","upi":"c21f0b2ef271174212842a625aa31451","mis_id":"5b51b8255f956","initials":null,"surname":"Johnson","forename":"Carole","middle_names":"Tiffany","legal_surname":null,"legal_forename":null,"gender":"FEMALE","date_of_birth":{"date":"2009-03-26
        00:00:00.000000","timezone_type":3,"timezone":"Europe\/London"},"created_at":{"date":"2018-07-20
        10:23:36.000000","timezone_type":3,"timezone":"UTC"},"updated_at":{"date":"2018-07-20
        10:23:37.000000","timezone_type":3,"timezone":"UTC"}},{"id":"A1352088382","upi":"38030758e888337617c6b886f191482c","mis_id":"5b51b8255fa85","initials":null,"surname":"Wilkinson","forename":"Zoe","middle_names":"Carrie","legal_surname":null,"legal_forename":null,"gender":"FEMALE","date_of_birth":{"date":"2011-05-26
        00:00:00.000000","timezone_type":3,"timezone":"Europe\/London"},"created_at":{"date":"2018-07-20
        10:23:37.000000","timezone_type":3,"timezone":"UTC"},"updated_at":{"date":"2018-07-20
        10:23:38.000000","timezone_type":3,"timezone":"UTC"}}]},"employees":{"data":[{"id":"A1984009561","upi":"caea4baa5b7adac73ab1259987d2bcc0","mis_id":"5b51b82514db2","initials":null,"title":"Miss","surname":"Marshall","forename":"Emma","middle_names":null,"legal_surname":null,"legal_forename":null,"gender":null,"date_of_birth":null,"updated_at":{"date":"2018-07-20
        10:23:33.000000","timezone_type":3,"timezone":"UTC"},"created_at":{"date":"2018-07-20
        10:23:33.000000","timezone_type":3,"timezone":"UTC"},"meta":{"role":"Main
        Class Teacher","all_roles":["Main Class Teacher","Class Teacher"],"is_main_teacher":true,"is_class_teacher":true}}]}},{"id":"A1906124304","mis_id":"5b51b82d0f515","name":"SOC
        2","code":null,"description":"43v\/gp8","subject":{"data":{"id":"A1209580994","mis_id":"5b51b82c20a31","code":"SO","name":"Sociology","active":null,"created_at":{"date":"2018-07-20
        10:23:40.000000","timezone_type":3,"timezone":"UTC"},"updated_at":{"date":"2018-07-20
        10:23:40.000000","timezone_type":3,"timezone":"UTC"}}},"created_at":{"date":"2018-07-20
        10:23:41.000000","timezone_type":3,"timezone":"UTC"},"updated_at":{"date":"2018-07-20
        10:23:41.000000","timezone_type":3,"timezone":"UTC"},"students":{"data":[{"id":"A205797104","upi":"1479cf1d289684f08600c9ad1f6406fc","mis_id":"5b51b8255f573","initials":null,"surname":"Ward","forename":"Leo","middle_names":"Benjamin","legal_surname":null,"legal_forename":null,"gender":"MALE","date_of_birth":{"date":"2009-11-03
        00:00:00.000000","timezone_type":3,"timezone":"Europe\/London"},"created_at":{"date":"2018-07-20
        10:23:33.000000","timezone_type":3,"timezone":"UTC"},"updated_at":{"date":"2018-07-20
        10:23:33.000000","timezone_type":3,"timezone":"UTC"}},{"id":"A514982845","upi":"36668e5f8d115276618dec59c5004bd6","mis_id":"5b51b8255f6f8","initials":null,"surname":"Simpson","forename":"Tina","middle_names":null,"legal_surname":null,"legal_forename":null,"gender":"FEMALE","date_of_birth":{"date":"2006-07-11
        00:00:00.000000","timezone_type":3,"timezone":"Europe\/London"},"created_at":{"date":"2018-07-20
        10:23:34.000000","timezone_type":3,"timezone":"UTC"},"updated_at":{"date":"2018-07-20
        10:23:35.000000","timezone_type":3,"timezone":"UTC"}},{"id":"A547888262","upi":"d6afbe23d7599a61d3462c17e19ed6be","mis_id":"5b51b8255f82b","initials":null,"surname":"Bell","forename":"Neil","middle_names":"Lucas","legal_surname":null,"legal_forename":null,"gender":"MALE","date_of_birth":{"date":"2003-05-31
        00:00:00.000000","timezone_type":3,"timezone":"Europe\/London"},"created_at":{"date":"2018-07-20
        10:23:35.000000","timezone_type":3,"timezone":"UTC"},"updated_at":{"date":"2018-07-20
        10:23:36.000000","timezone_type":3,"timezone":"UTC"}},{"id":"A849865027","upi":"c21f0b2ef271174212842a625aa31451","mis_id":"5b51b8255f956","initials":null,"surname":"Johnson","forename":"Carole","middle_names":"Tiffany","legal_surname":null,"legal_forename":null,"gender":"FEMALE","date_of_birth":{"date":"2009-03-26
        00:00:00.000000","timezone_type":3,"timezone":"Europe\/London"},"created_at":{"date":"2018-07-20
        10:23:36.000000","timezone_type":3,"timezone":"UTC"},"updated_at":{"date":"2018-07-20
        10:23:37.000000","timezone_type":3,"timezone":"UTC"}},{"id":"A1352088382","upi":"38030758e888337617c6b886f191482c","mis_id":"5b51b8255fa85","initials":null,"surname":"Wilkinson","forename":"Zoe","middle_names":"Carrie","legal_surname":null,"legal_forename":null,"gender":"FEMALE","date_of_birth":{"date":"2011-05-26
        00:00:00.000000","timezone_type":3,"timezone":"Europe\/London"},"created_at":{"date":"2018-07-20
        10:23:37.000000","timezone_type":3,"timezone":"UTC"},"updated_at":{"date":"2018-07-20
        10:23:38.000000","timezone_type":3,"timezone":"UTC"}}]},"employees":{"data":[{"id":"A1984009561","upi":"caea4baa5b7adac73ab1259987d2bcc0","mis_id":"5b51b82514db2","initials":null,"title":"Miss","surname":"Marshall","forename":"Emma","middle_names":null,"legal_surname":null,"legal_forename":null,"gender":null,"date_of_birth":null,"updated_at":{"date":"2018-07-20
        10:23:33.000000","timezone_type":3,"timezone":"UTC"},"created_at":{"date":"2018-07-20
        10:23:33.000000","timezone_type":3,"timezone":"UTC"},"meta":{"role":"Main
        Class Teacher","all_roles":["Main Class Teacher","Class Teacher"],"is_main_teacher":true,"is_class_teacher":true}}]}},{"id":"A2006055851","mis_id":"5b51b82d0f5e6","name":"FOO
        7","code":null,"description":"50n\/rs8","subject":{"data":{"id":"A1310675293","mis_id":"5b51b82c20af1","code":"FO","name":"Food
        Tech","active":null,"created_at":{"date":"2018-07-20 10:23:40.000000","timezone_type":3,"timezone":"UTC"},"updated_at":{"date":"2018-07-20
        10:23:40.000000","timezone_type":3,"timezone":"UTC"}}},"created_at":{"date":"2018-07-20
        10:23:42.000000","timezone_type":3,"timezone":"UTC"},"updated_at":{"date":"2018-07-20
        10:23:42.000000","timezone_type":3,"timezone":"UTC"},"students":{"data":[{"id":"A205797104","upi":"1479cf1d289684f08600c9ad1f6406fc","mis_id":"5b51b8255f573","initials":null,"surname":"Ward","forename":"Leo","middle_names":"Benjamin","legal_surname":null,"legal_forename":null,"gender":"MALE","date_of_birth":{"date":"2009-11-03
        00:00:00.000000","timezone_type":3,"timezone":"Europe\/London"},"created_at":{"date":"2018-07-20
        10:23:33.000000","timezone_type":3,"timezone":"UTC"},"updated_at":{"date":"2018-07-20
        10:23:33.000000","timezone_type":3,"timezone":"UTC"}},{"id":"A514982845","upi":"36668e5f8d115276618dec59c5004bd6","mis_id":"5b51b8255f6f8","initials":null,"surname":"Simpson","forename":"Tina","middle_names":null,"legal_surname":null,"legal_forename":null,"gender":"FEMALE","date_of_birth":{"date":"2006-07-11
        00:00:00.000000","timezone_type":3,"timezone":"Europe\/London"},"created_at":{"date":"2018-07-20
        10:23:34.000000","timezone_type":3,"timezone":"UTC"},"updated_at":{"date":"2018-07-20
        10:23:35.000000","timezone_type":3,"timezone":"UTC"}},{"id":"A547888262","upi":"d6afbe23d7599a61d3462c17e19ed6be","mis_id":"5b51b8255f82b","initials":null,"surname":"Bell","forename":"Neil","middle_names":"Lucas","legal_surname":null,"legal_forename":null,"gender":"MALE","date_of_birth":{"date":"2003-05-31
        00:00:00.000000","timezone_type":3,"timezone":"Europe\/London"},"created_at":{"date":"2018-07-20
        10:23:35.000000","timezone_type":3,"timezone":"UTC"},"updated_at":{"date":"2018-07-20
        10:23:36.000000","timezone_type":3,"timezone":"UTC"}},{"id":"A849865027","upi":"c21f0b2ef271174212842a625aa31451","mis_id":"5b51b8255f956","initials":null,"surname":"Johnson","forename":"Carole","middle_names":"Tiffany","legal_surname":null,"legal_forename":null,"gender":"FEMALE","date_of_birth":{"date":"2009-03-26
        00:00:00.000000","timezone_type":3,"timezone":"Europe\/London"},"created_at":{"date":"2018-07-20
        10:23:36.000000","timezone_type":3,"timezone":"UTC"},"updated_at":{"date":"2018-07-20
        10:23:37.000000","timezone_type":3,"timezone":"UTC"}},{"id":"A1352088382","upi":"38030758e888337617c6b886f191482c","mis_id":"5b51b8255fa85","initials":null,"surname":"Wilkinson","forename":"Zoe","middle_names":"Carrie","legal_surname":null,"legal_forename":null,"gender":"FEMALE","date_of_birth":{"date":"2011-05-26
        00:00:00.000000","timezone_type":3,"timezone":"Europe\/London"},"created_at":{"date":"2018-07-20
        10:23:37.000000","timezone_type":3,"timezone":"UTC"},"updated_at":{"date":"2018-07-20
        10:23:38.000000","timezone_type":3,"timezone":"UTC"}}]},"employees":{"data":[{"id":"A1984009561","upi":"caea4baa5b7adac73ab1259987d2bcc0","mis_id":"5b51b82514db2","initials":null,"title":"Miss","surname":"Marshall","forename":"Emma","middle_names":null,"legal_surname":null,"legal_forename":null,"gender":null,"date_of_birth":null,"updated_at":{"date":"2018-07-20
        10:23:33.000000","timezone_type":3,"timezone":"UTC"},"created_at":{"date":"2018-07-20
        10:23:33.000000","timezone_type":3,"timezone":"UTC"},"meta":{"role":"Main
        Class Teacher","all_roles":["Main Class Teacher","Class Teacher"],"is_main_teacher":true,"is_class_teacher":true}}]}},{"id":"A227843906","mis_id":"5b51b82d0f6b3","name":"TEX
        7","code":null,"description":"49u\/ro4","subject":{"data":{"id":"A1142158068","mis_id":"5b51b82c20bad","code":"TE","name":"Textiles","active":null,"created_at":{"date":"2018-07-20
        10:23:40.000000","timezone_type":3,"timezone":"UTC"},"updated_at":{"date":"2018-07-20
        10:23:40.000000","timezone_type":3,"timezone":"UTC"}}},"created_at":{"date":"2018-07-20
        10:23:43.000000","timezone_type":3,"timezone":"UTC"},"updated_at":{"date":"2018-07-20
        10:23:43.000000","timezone_type":3,"timezone":"UTC"},"students":{"data":[{"id":"A205797104","upi":"1479cf1d289684f08600c9ad1f6406fc","mis_id":"5b51b8255f573","initials":null,"surname":"Ward","forename":"Leo","middle_names":"Benjamin","legal_surname":null,"legal_forename":null,"gender":"MALE","date_of_birth":{"date":"2009-11-03
        00:00:00.000000","timezone_type":3,"timezone":"Europe\/London"},"created_at":{"date":"2018-07-20
        10:23:33.000000","timezone_type":3,"timezone":"UTC"},"updated_at":{"date":"2018-07-20
        10:23:33.000000","timezone_type":3,"timezone":"UTC"}},{"id":"A514982845","upi":"36668e5f8d115276618dec59c5004bd6","mis_id":"5b51b8255f6f8","initials":null,"surname":"Simpson","forename":"Tina","middle_names":null,"legal_surname":null,"legal_forename":null,"gender":"FEMALE","date_of_birth":{"date":"2006-07-11
        00:00:00.000000","timezone_type":3,"timezone":"Europe\/London"},"created_at":{"date":"2018-07-20
        10:23:34.000000","timezone_type":3,"timezone":"UTC"},"updated_at":{"date":"2018-07-20
        10:23:35.000000","timezone_type":3,"timezone":"UTC"}},{"id":"A547888262","upi":"d6afbe23d7599a61d3462c17e19ed6be","mis_id":"5b51b8255f82b","initials":null,"surname":"Bell","forename":"Neil","middle_names":"Lucas","legal_surname":null,"legal_forename":null,"gender":"MALE","date_of_birth":{"date":"2003-05-31
        00:00:00.000000","timezone_type":3,"timezone":"Europe\/London"},"created_at":{"date":"2018-07-20
        10:23:35.000000","timezone_type":3,"timezone":"UTC"},"updated_at":{"date":"2018-07-20
        10:23:36.000000","timezone_type":3,"timezone":"UTC"}},{"id":"A849865027","upi":"c21f0b2ef271174212842a625aa31451","mis_id":"5b51b8255f956","initials":null,"surname":"Johnson","forename":"Carole","middle_names":"Tiffany","legal_surname":null,"legal_forename":null,"gender":"FEMALE","date_of_birth":{"date":"2009-03-26
        00:00:00.000000","timezone_type":3,"timezone":"Europe\/London"},"created_at":{"date":"2018-07-20
        10:23:36.000000","timezone_type":3,"timezone":"UTC"},"updated_at":{"date":"2018-07-20
        10:23:37.000000","timezone_type":3,"timezone":"UTC"}},{"id":"A1352088382","upi":"38030758e888337617c6b886f191482c","mis_id":"5b51b8255fa85","initials":null,"surname":"Wilkinson","forename":"Zoe","middle_names":"Carrie","legal_surname":null,"legal_forename":null,"gender":"FEMALE","date_of_birth":{"date":"2011-05-26
        00:00:00.000000","timezone_type":3,"timezone":"Europe\/London"},"created_at":{"date":"2018-07-20
        10:23:37.000000","timezone_type":3,"timezone":"UTC"},"updated_at":{"date":"2018-07-20
        10:23:38.000000","timezone_type":3,"timezone":"UTC"}}]},"employees":{"data":[{"id":"A1984009561","upi":"caea4baa5b7adac73ab1259987d2bcc0","mis_id":"5b51b82514db2","initials":null,"title":"Miss","surname":"Marshall","forename":"Emma","middle_names":null,"legal_surname":null,"legal_forename":null,"gender":null,"date_of_birth":null,"updated_at":{"date":"2018-07-20
        10:23:33.000000","timezone_type":3,"timezone":"UTC"},"created_at":{"date":"2018-07-20
        10:23:33.000000","timezone_type":3,"timezone":"UTC"},"meta":{"role":"Main
        Class Teacher","all_roles":["Main Class Teacher","Class Teacher"],"is_main_teacher":true,"is_class_teacher":true}}]}},{"id":"A59453661","mis_id":"5b51b82d0f782","name":"PHY
        6","code":null,"description":"44m\/xv7","subject":{"data":{"id":"A1511429775","mis_id":"5b51b82c20c69","code":"PH","name":"Physical
        Ed","active":null,"created_at":{"date":"2018-07-20 10:23:40.000000","timezone_type":3,"timezone":"UTC"},"updated_at":{"date":"2018-07-20
        10:23:40.000000","timezone_type":3,"timezone":"UTC"}}},"created_at":{"date":"2018-07-20
        10:23:43.000000","timezone_type":3,"timezone":"UTC"},"updated_at":{"date":"2018-07-20
        10:23:43.000000","timezone_type":3,"timezone":"UTC"},"students":{"data":[{"id":"A205797104","upi":"1479cf1d289684f08600c9ad1f6406fc","mis_id":"5b51b8255f573","initials":null,"surname":"Ward","forename":"Leo","middle_names":"Benjamin","legal_surname":null,"legal_forename":null,"gender":"MALE","date_of_birth":{"date":"2009-11-03
        00:00:00.000000","timezone_type":3,"timezone":"Europe\/London"},"created_at":{"date":"2018-07-20
        10:23:33.000000","timezone_type":3,"timezone":"UTC"},"updated_at":{"date":"2018-07-20
        10:23:33.000000","timezone_type":3,"timezone":"UTC"}},{"id":"A514982845","upi":"36668e5f8d115276618dec59c5004bd6","mis_id":"5b51b8255f6f8","initials":null,"surname":"Simpson","forename":"Tina","middle_names":null,"legal_surname":null,"legal_forename":null,"gender":"FEMALE","date_of_birth":{"date":"2006-07-11
        00:00:00.000000","timezone_type":3,"timezone":"Europe\/London"},"created_at":{"date":"2018-07-20
        10:23:34.000000","timezone_type":3,"timezone":"UTC"},"updated_at":{"date":"2018-07-20
        10:23:35.000000","timezone_type":3,"timezone":"UTC"}},{"id":"A547888262","upi":"d6afbe23d7599a61d3462c17e19ed6be","mis_id":"5b51b8255f82b","initials":null,"surname":"Bell","forename":"Neil","middle_names":"Lucas","legal_surname":null,"legal_forename":null,"gender":"MALE","date_of_birth":{"date":"2003-05-31
        00:00:00.000000","timezone_type":3,"timezone":"Europe\/London"},"created_at":{"date":"2018-07-20
        10:23:35.000000","timezone_type":3,"timezone":"UTC"},"updated_at":{"date":"2018-07-20
        10:23:36.000000","timezone_type":3,"timezone":"UTC"}},{"id":"A849865027","upi":"c21f0b2ef271174212842a625aa31451","mis_id":"5b51b8255f956","initials":null,"surname":"Johnson","forename":"Carole","middle_names":"Tiffany","legal_surname":null,"legal_forename":null,"gender":"FEMALE","date_of_birth":{"date":"2009-03-26
        00:00:00.000000","timezone_type":3,"timezone":"Europe\/London"},"created_at":{"date":"2018-07-20
        10:23:36.000000","timezone_type":3,"timezone":"UTC"},"updated_at":{"date":"2018-07-20
        10:23:37.000000","timezone_type":3,"timezone":"UTC"}},{"id":"A1352088382","upi":"38030758e888337617c6b886f191482c","mis_id":"5b51b8255fa85","initials":null,"surname":"Wilkinson","forename":"Zoe","middle_names":"Carrie","legal_surname":null,"legal_forename":null,"gender":"FEMALE","date_of_birth":{"date":"2011-05-26
        00:00:00.000000","timezone_type":3,"timezone":"Europe\/London"},"created_at":{"date":"2018-07-20
        10:23:37.000000","timezone_type":3,"timezone":"UTC"},"updated_at":{"date":"2018-07-20
        10:23:38.000000","timezone_type":3,"timezone":"UTC"}}]},"employees":{"data":[{"id":"A1984009561","upi":"caea4baa5b7adac73ab1259987d2bcc0","mis_id":"5b51b82514db2","initials":null,"title":"Miss","surname":"Marshall","forename":"Emma","middle_names":null,"legal_surname":null,"legal_forename":null,"gender":null,"date_of_birth":null,"updated_at":{"date":"2018-07-20
        10:23:33.000000","timezone_type":3,"timezone":"UTC"},"created_at":{"date":"2018-07-20
        10:23:33.000000","timezone_type":3,"timezone":"UTC"},"meta":{"role":"Main
        Class Teacher","all_roles":["Main Class Teacher","Class Teacher"],"is_main_teacher":true,"is_class_teacher":true}}]}},{"id":"A428856436","mis_id":"5b51b82d0f849","name":"PEE
        7","code":null,"description":"82o\/ns2","subject":{"data":{"id":"A1343564326","mis_id":"5b51b82c20d14","code":"PE","name":"Peer
        Support","active":null,"created_at":{"date":"2018-07-20 10:23:40.000000","timezone_type":3,"timezone":"UTC"},"updated_at":{"date":"2018-07-20
        10:23:40.000000","timezone_type":3,"timezone":"UTC"}}},"created_at":{"date":"2018-07-20
        10:23:44.000000","timezone_type":3,"timezone":"UTC"},"updated_at":{"date":"2018-07-20
        10:23:44.000000","timezone_type":3,"timezone":"UTC"},"students":{"data":[{"id":"A205797104","upi":"1479cf1d289684f08600c9ad1f6406fc","mis_id":"5b51b8255f573","initials":null,"surname":"Ward","forename":"Leo","middle_names":"Benjamin","legal_surname":null,"legal_forename":null,"gender":"MALE","date_of_birth":{"date":"2009-11-03
        00:00:00.000000","timezone_type":3,"timezone":"Europe\/London"},"created_at":{"date":"2018-07-20
        10:23:33.000000","timezone_type":3,"timezone":"UTC"},"updated_at":{"date":"2018-07-20
        10:23:33.000000","timezone_type":3,"timezone":"UTC"}},{"id":"A514982845","upi":"36668e5f8d115276618dec59c5004bd6","mis_id":"5b51b8255f6f8","initials":null,"surname":"Simpson","forename":"Tina","middle_names":null,"legal_surname":null,"legal_forename":null,"gender":"FEMALE","date_of_birth":{"date":"2006-07-11
        00:00:00.000000","timezone_type":3,"timezone":"Europe\/London"},"created_at":{"date":"2018-07-20
        10:23:34.000000","timezone_type":3,"timezone":"UTC"},"updated_at":{"date":"2018-07-20
        10:23:35.000000","timezone_type":3,"timezone":"UTC"}},{"id":"A547888262","upi":"d6afbe23d7599a61d3462c17e19ed6be","mis_id":"5b51b8255f82b","initials":null,"surname":"Bell","forename":"Neil","middle_names":"Lucas","legal_surname":null,"legal_forename":null,"gender":"MALE","date_of_birth":{"date":"2003-05-31
        00:00:00.000000","timezone_type":3,"timezone":"Europe\/London"},"created_at":{"date":"2018-07-20
        10:23:35.000000","timezone_type":3,"timezone":"UTC"},"updated_at":{"date":"2018-07-20
        10:23:36.000000","timezone_type":3,"timezone":"UTC"}},{"id":"A849865027","upi":"c21f0b2ef271174212842a625aa31451","mis_id":"5b51b8255f956","initials":null,"surname":"Johnson","forename":"Carole","middle_names":"Tiffany","legal_surname":null,"legal_forename":null,"gender":"FEMALE","date_of_birth":{"date":"2009-03-26
        00:00:00.000000","timezone_type":3,"timezone":"Europe\/London"},"created_at":{"date":"2018-07-20
        10:23:36.000000","timezone_type":3,"timezone":"UTC"},"updated_at":{"date":"2018-07-20
        10:23:37.000000","timezone_type":3,"timezone":"UTC"}},{"id":"A1352088382","upi":"38030758e888337617c6b886f191482c","mis_id":"5b51b8255fa85","initials":null,"surname":"Wilkinson","forename":"Zoe","middle_names":"Carrie","legal_surname":null,"legal_forename":null,"gender":"FEMALE","date_of_birth":{"date":"2011-05-26
        00:00:00.000000","timezone_type":3,"timezone":"Europe\/London"},"created_at":{"date":"2018-07-20
        10:23:37.000000","timezone_type":3,"timezone":"UTC"},"updated_at":{"date":"2018-07-20
        10:23:38.000000","timezone_type":3,"timezone":"UTC"}}]},"employees":{"data":[{"id":"A1984009561","upi":"caea4baa5b7adac73ab1259987d2bcc0","mis_id":"5b51b82514db2","initials":null,"title":"Miss","surname":"Marshall","forename":"Emma","middle_names":null,"legal_surname":null,"legal_forename":null,"gender":null,"date_of_birth":null,"updated_at":{"date":"2018-07-20
        10:23:33.000000","timezone_type":3,"timezone":"UTC"},"created_at":{"date":"2018-07-20
        10:23:33.000000","timezone_type":3,"timezone":"UTC"},"meta":{"role":"Main
        Class Teacher","all_roles":["Main Class Teacher","Class Teacher"],"is_main_teacher":true,"is_class_teacher":true}}]}},{"id":"A528640015","mis_id":"5b51b82d0f90d","name":"RUR
        8","code":null,"description":"95x\/rv4","subject":{"data":{"id":"A1443483569","mis_id":"5b51b82c20dd1","code":"RU","name":"Rural
        Science","active":null,"created_at":{"date":"2018-07-20 10:23:40.000000","timezone_type":3,"timezone":"UTC"},"updated_at":{"date":"2018-07-20
        10:23:40.000000","timezone_type":3,"timezone":"UTC"}}},"created_at":{"date":"2018-07-20
        10:23:45.000000","timezone_type":3,"timezone":"UTC"},"updated_at":{"date":"2018-07-20
        10:23:45.000000","timezone_type":3,"timezone":"UTC"},"students":{"data":[{"id":"A205797104","upi":"1479cf1d289684f08600c9ad1f6406fc","mis_id":"5b51b8255f573","initials":null,"surname":"Ward","forename":"Leo","middle_names":"Benjamin","legal_surname":null,"legal_forename":null,"gender":"MALE","date_of_birth":{"date":"2009-11-03
        00:00:00.000000","timezone_type":3,"timezone":"Europe\/London"},"created_at":{"date":"2018-07-20
        10:23:33.000000","timezone_type":3,"timezone":"UTC"},"updated_at":{"date":"2018-07-20
        10:23:33.000000","timezone_type":3,"timezone":"UTC"}},{"id":"A514982845","upi":"36668e5f8d115276618dec59c5004bd6","mis_id":"5b51b8255f6f8","initials":null,"surname":"Simpson","forename":"Tina","middle_names":null,"legal_surname":null,"legal_forename":null,"gender":"FEMALE","date_of_birth":{"date":"2006-07-11
        00:00:00.000000","timezone_type":3,"timezone":"Europe\/London"},"created_at":{"date":"2018-07-20
        10:23:34.000000","timezone_type":3,"timezone":"UTC"},"updated_at":{"date":"2018-07-20
        10:23:35.000000","timezone_type":3,"timezone":"UTC"}},{"id":"A547888262","upi":"d6afbe23d7599a61d3462c17e19ed6be","mis_id":"5b51b8255f82b","initials":null,"surname":"Bell","forename":"Neil","middle_names":"Lucas","legal_surname":null,"legal_forename":null,"gender":"MALE","date_of_birth":{"date":"2003-05-31
        00:00:00.000000","timezone_type":3,"timezone":"Europe\/London"},"created_at":{"date":"2018-07-20
        10:23:35.000000","timezone_type":3,"timezone":"UTC"},"updated_at":{"date":"2018-07-20
        10:23:36.000000","timezone_type":3,"timezone":"UTC"}},{"id":"A849865027","upi":"c21f0b2ef271174212842a625aa31451","mis_id":"5b51b8255f956","initials":null,"surname":"Johnson","forename":"Carole","middle_names":"Tiffany","legal_surname":null,"legal_forename":null,"gender":"FEMALE","date_of_birth":{"date":"2009-03-26
        00:00:00.000000","timezone_type":3,"timezone":"Europe\/London"},"created_at":{"date":"2018-07-20
        10:23:36.000000","timezone_type":3,"timezone":"UTC"},"updated_at":{"date":"2018-07-20
        10:23:37.000000","timezone_type":3,"timezone":"UTC"}},{"id":"A1352088382","upi":"38030758e888337617c6b886f191482c","mis_id":"5b51b8255fa85","initials":null,"surname":"Wilkinson","forename":"Zoe","middle_names":"Carrie","legal_surname":null,"legal_forename":null,"gender":"FEMALE","date_of_birth":{"date":"2011-05-26
        00:00:00.000000","timezone_type":3,"timezone":"Europe\/London"},"created_at":{"date":"2018-07-20
        10:23:37.000000","timezone_type":3,"timezone":"UTC"},"updated_at":{"date":"2018-07-20
        10:23:38.000000","timezone_type":3,"timezone":"UTC"}}]},"employees":{"data":[{"id":"A1984009561","upi":"caea4baa5b7adac73ab1259987d2bcc0","mis_id":"5b51b82514db2","initials":null,"title":"Miss","surname":"Marshall","forename":"Emma","middle_names":null,"legal_surname":null,"legal_forename":null,"gender":null,"date_of_birth":null,"updated_at":{"date":"2018-07-20
        10:23:33.000000","timezone_type":3,"timezone":"UTC"},"created_at":{"date":"2018-07-20
        10:23:33.000000","timezone_type":3,"timezone":"UTC"},"meta":{"role":"Main
        Class Teacher","all_roles":["Main Class Teacher","Class Teacher"],"is_main_teacher":true,"is_class_teacher":true}}]}},{"id":"A360779174","mis_id":"5b51b82d0f9d2","name":"DES
        7","code":null,"description":"60f\/fa4","subject":{"data":{"id":"A1812751176","mis_id":"5b51b82c20e8c","code":"DE","name":"Design
        & Tech","active":null,"created_at":{"date":"2018-07-20 10:23:40.000000","timezone_type":3,"timezone":"UTC"},"updated_at":{"date":"2018-07-20
        10:23:40.000000","timezone_type":3,"timezone":"UTC"}}},"created_at":{"date":"2018-07-20
        10:23:46.000000","timezone_type":3,"timezone":"UTC"},"updated_at":{"date":"2018-07-20
        10:23:46.000000","timezone_type":3,"timezone":"UTC"},"students":{"data":[{"id":"A205797104","upi":"1479cf1d289684f08600c9ad1f6406fc","mis_id":"5b51b8255f573","initials":null,"surname":"Ward","forename":"Leo","middle_names":"Benjamin","legal_surname":null,"legal_forename":null,"gender":"MALE","date_of_birth":{"date":"2009-11-03
        00:00:00.000000","timezone_type":3,"timezone":"Europe\/London"},"created_at":{"date":"2018-07-20
        10:23:33.000000","timezone_type":3,"timezone":"UTC"},"updated_at":{"date":"2018-07-20
        10:23:33.000000","timezone_type":3,"timezone":"UTC"}},{"id":"A514982845","upi":"36668e5f8d115276618dec59c5004bd6","mis_id":"5b51b8255f6f8","initials":null,"surname":"Simpson","forename":"Tina","middle_names":null,"legal_surname":null,"legal_forename":null,"gender":"FEMALE","date_of_birth":{"date":"2006-07-11
        00:00:00.000000","timezone_type":3,"timezone":"Europe\/London"},"created_at":{"date":"2018-07-20
        10:23:34.000000","timezone_type":3,"timezone":"UTC"},"updated_at":{"date":"2018-07-20
        10:23:35.000000","timezone_type":3,"timezone":"UTC"}},{"id":"A547888262","upi":"d6afbe23d7599a61d3462c17e19ed6be","mis_id":"5b51b8255f82b","initials":null,"surname":"Bell","forename":"Neil","middle_names":"Lucas","legal_surname":null,"legal_forename":null,"gender":"MALE","date_of_birth":{"date":"2003-05-31
        00:00:00.000000","timezone_type":3,"timezone":"Europe\/London"},"created_at":{"date":"2018-07-20
        10:23:35.000000","timezone_type":3,"timezone":"UTC"},"updated_at":{"date":"2018-07-20
        10:23:36.000000","timezone_type":3,"timezone":"UTC"}},{"id":"A849865027","upi":"c21f0b2ef271174212842a625aa31451","mis_id":"5b51b8255f956","initials":null,"surname":"Johnson","forename":"Carole","middle_names":"Tiffany","legal_surname":null,"legal_forename":null,"gender":"FEMALE","date_of_birth":{"date":"2009-03-26
        00:00:00.000000","timezone_type":3,"timezone":"Europe\/London"},"created_at":{"date":"2018-07-20
        10:23:36.000000","timezone_type":3,"timezone":"UTC"},"updated_at":{"date":"2018-07-20
        10:23:37.000000","timezone_type":3,"timezone":"UTC"}},{"id":"A1352088382","upi":"38030758e888337617c6b886f191482c","mis_id":"5b51b8255fa85","initials":null,"surname":"Wilkinson","forename":"Zoe","middle_names":"Carrie","legal_surname":null,"legal_forename":null,"gender":"FEMALE","date_of_birth":{"date":"2011-05-26
        00:00:00.000000","timezone_type":3,"timezone":"Europe\/London"},"created_at":{"date":"2018-07-20
        10:23:37.000000","timezone_type":3,"timezone":"UTC"},"updated_at":{"date":"2018-07-20
        10:23:38.000000","timezone_type":3,"timezone":"UTC"}}]},"employees":{"data":[{"id":"A1984009561","upi":"caea4baa5b7adac73ab1259987d2bcc0","mis_id":"5b51b82514db2","initials":null,"title":"Miss","surname":"Marshall","forename":"Emma","middle_names":null,"legal_surname":null,"legal_forename":null,"gender":null,"date_of_birth":null,"updated_at":{"date":"2018-07-20
        10:23:33.000000","timezone_type":3,"timezone":"UTC"},"created_at":{"date":"2018-07-20
        10:23:33.000000","timezone_type":3,"timezone":"UTC"},"meta":{"role":"Main
        Class Teacher","all_roles":["Main Class Teacher","Class Teacher"],"is_main_teacher":true,"is_class_teacher":true}}]}},{"id":"A730177841","mis_id":"5b51b82d0fa95","name":"THE
        3","code":null,"description":"78r\/zx4","subject":{"data":{"id":"A1644365027","mis_id":"5b51b82c20f45","code":"TH","name":"Theatre
        Studies","active":null,"created_at":{"date":"2018-07-20 10:23:40.000000","timezone_type":3,"timezone":"UTC"},"updated_at":{"date":"2018-07-20
        10:23:40.000000","timezone_type":3,"timezone":"UTC"}}},"created_at":{"date":"2018-07-20
        10:23:46.000000","timezone_type":3,"timezone":"UTC"},"updated_at":{"date":"2018-07-20
        10:23:46.000000","timezone_type":3,"timezone":"UTC"},"students":{"data":[{"id":"A205797104","upi":"1479cf1d289684f08600c9ad1f6406fc","mis_id":"5b51b8255f573","initials":null,"surname":"Ward","forename":"Leo","middle_names":"Benjamin","legal_surname":null,"legal_forename":null,"gender":"MALE","date_of_birth":{"date":"2009-11-03
        00:00:00.000000","timezone_type":3,"timezone":"Europe\/London"},"created_at":{"date":"2018-07-20
        10:23:33.000000","timezone_type":3,"timezone":"UTC"},"updated_at":{"date":"2018-07-20
        10:23:33.000000","timezone_type":3,"timezone":"UTC"}},{"id":"A514982845","upi":"36668e5f8d115276618dec59c5004bd6","mis_id":"5b51b8255f6f8","initials":null,"surname":"Simpson","forename":"Tina","middle_names":null,"legal_surname":null,"legal_forename":null,"gender":"FEMALE","date_of_birth":{"date":"2006-07-11
        00:00:00.000000","timezone_type":3,"timezone":"Europe\/London"},"created_at":{"date":"2018-07-20
        10:23:34.000000","timezone_type":3,"timezone":"UTC"},"updated_at":{"date":"2018-07-20
        10:23:35.000000","timezone_type":3,"timezone":"UTC"}},{"id":"A547888262","upi":"d6afbe23d7599a61d3462c17e19ed6be","mis_id":"5b51b8255f82b","initials":null,"surname":"Bell","forename":"Neil","middle_names":"Lucas","legal_surname":null,"legal_forename":null,"gender":"MALE","date_of_birth":{"date":"2003-05-31
        00:00:00.000000","timezone_type":3,"timezone":"Europe\/London"},"created_at":{"date":"2018-07-20
        10:23:35.000000","timezone_type":3,"timezone":"UTC"},"updated_at":{"date":"2018-07-20
        10:23:36.000000","timezone_type":3,"timezone":"UTC"}},{"id":"A849865027","upi":"c21f0b2ef271174212842a625aa31451","mis_id":"5b51b8255f956","initials":null,"surname":"Johnson","forename":"Carole","middle_names":"Tiffany","legal_surname":null,"legal_forename":null,"gender":"FEMALE","date_of_birth":{"date":"2009-03-26
        00:00:00.000000","timezone_type":3,"timezone":"Europe\/London"},"created_at":{"date":"2018-07-20
        10:23:36.000000","timezone_type":3,"timezone":"UTC"},"updated_at":{"date":"2018-07-20
        10:23:37.000000","timezone_type":3,"timezone":"UTC"}},{"id":"A1352088382","upi":"38030758e888337617c6b886f191482c","mis_id":"5b51b8255fa85","initials":null,"surname":"Wilkinson","forename":"Zoe","middle_names":"Carrie","legal_surname":null,"legal_forename":null,"gender":"FEMALE","date_of_birth":{"date":"2011-05-26
        00:00:00.000000","timezone_type":3,"timezone":"Europe\/London"},"created_at":{"date":"2018-07-20
        10:23:37.000000","timezone_type":3,"timezone":"UTC"},"updated_at":{"date":"2018-07-20
        10:23:38.000000","timezone_type":3,"timezone":"UTC"}}]},"employees":{"data":[{"id":"A1984009561","upi":"caea4baa5b7adac73ab1259987d2bcc0","mis_id":"5b51b82514db2","initials":null,"title":"Miss","surname":"Marshall","forename":"Emma","middle_names":null,"legal_surname":null,"legal_forename":null,"gender":null,"date_of_birth":null,"updated_at":{"date":"2018-07-20
        10:23:33.000000","timezone_type":3,"timezone":"UTC"},"created_at":{"date":"2018-07-20
        10:23:33.000000","timezone_type":3,"timezone":"UTC"},"meta":{"role":"Main
        Class Teacher","all_roles":["Main Class Teacher","Class Teacher"],"is_main_teacher":true,"is_class_teacher":true}}]}},{"id":"A569918152","mis_id":"5b51b82d0fb59","name":"FOO
        6","code":null,"description":"87g\/gy6","subject":{"data":{"id":"A2013780090","mis_id":"5b51b82c21000","code":"FO","name":"Food
        Tech","active":null,"created_at":{"date":"2018-07-20 10:23:40.000000","timezone_type":3,"timezone":"UTC"},"updated_at":{"date":"2018-07-20
        10:23:40.000000","timezone_type":3,"timezone":"UTC"}}},"created_at":{"date":"2018-07-20
        10:23:47.000000","timezone_type":3,"timezone":"UTC"},"updated_at":{"date":"2018-07-20
        10:23:47.000000","timezone_type":3,"timezone":"UTC"},"students":{"data":[{"id":"A205797104","upi":"1479cf1d289684f08600c9ad1f6406fc","mis_id":"5b51b8255f573","initials":null,"surname":"Ward","forename":"Leo","middle_names":"Benjamin","legal_surname":null,"legal_forename":null,"gender":"MALE","date_of_birth":{"date":"2009-11-03
        00:00:00.000000","timezone_type":3,"timezone":"Europe\/London"},"created_at":{"date":"2018-07-20
        10:23:33.000000","timezone_type":3,"timezone":"UTC"},"updated_at":{"date":"2018-07-20
        10:23:33.000000","timezone_type":3,"timezone":"UTC"}},{"id":"A514982845","upi":"36668e5f8d115276618dec59c5004bd6","mis_id":"5b51b8255f6f8","initials":null,"surname":"Simpson","forename":"Tina","middle_names":null,"legal_surname":null,"legal_forename":null,"gender":"FEMALE","date_of_birth":{"date":"2006-07-11
        00:00:00.000000","timezone_type":3,"timezone":"Europe\/London"},"created_at":{"date":"2018-07-20
        10:23:34.000000","timezone_type":3,"timezone":"UTC"},"updated_at":{"date":"2018-07-20
        10:23:35.000000","timezone_type":3,"timezone":"UTC"}},{"id":"A547888262","upi":"d6afbe23d7599a61d3462c17e19ed6be","mis_id":"5b51b8255f82b","initials":null,"surname":"Bell","forename":"Neil","middle_names":"Lucas","legal_surname":null,"legal_forename":null,"gender":"MALE","date_of_birth":{"date":"2003-05-31
        00:00:00.000000","timezone_type":3,"timezone":"Europe\/London"},"created_at":{"date":"2018-07-20
        10:23:35.000000","timezone_type":3,"timezone":"UTC"},"updated_at":{"date":"2018-07-20
        10:23:36.000000","timezone_type":3,"timezone":"UTC"}},{"id":"A849865027","upi":"c21f0b2ef271174212842a625aa31451","mis_id":"5b51b8255f956","initials":null,"surname":"Johnson","forename":"Carole","middle_names":"Tiffany","legal_surname":null,"legal_forename":null,"gender":"FEMALE","date_of_birth":{"date":"2009-03-26
        00:00:00.000000","timezone_type":3,"timezone":"Europe\/London"},"created_at":{"date":"2018-07-20
        10:23:36.000000","timezone_type":3,"timezone":"UTC"},"updated_at":{"date":"2018-07-20
        10:23:37.000000","timezone_type":3,"timezone":"UTC"}},{"id":"A1352088382","upi":"38030758e888337617c6b886f191482c","mis_id":"5b51b8255fa85","initials":null,"surname":"Wilkinson","forename":"Zoe","middle_names":"Carrie","legal_surname":null,"legal_forename":null,"gender":"FEMALE","date_of_birth":{"date":"2011-05-26
        00:00:00.000000","timezone_type":3,"timezone":"Europe\/London"},"created_at":{"date":"2018-07-20
        10:23:37.000000","timezone_type":3,"timezone":"UTC"},"updated_at":{"date":"2018-07-20
        10:23:38.000000","timezone_type":3,"timezone":"UTC"}}]},"employees":{"data":[{"id":"A1984009561","upi":"caea4baa5b7adac73ab1259987d2bcc0","mis_id":"5b51b82514db2","initials":null,"title":"Miss","surname":"Marshall","forename":"Emma","middle_names":null,"legal_surname":null,"legal_forename":null,"gender":null,"date_of_birth":null,"updated_at":{"date":"2018-07-20
        10:23:33.000000","timezone_type":3,"timezone":"UTC"},"created_at":{"date":"2018-07-20
        10:23:33.000000","timezone_type":3,"timezone":"UTC"},"meta":{"role":"Main
        Class Teacher","all_roles":["Main Class Teacher","Class Teacher"],"is_main_teacher":true,"is_class_teacher":true}}]}}],"meta":{"pagination":{"next":null,"previous":null,"more":false,"per_page":50,"current_page":1},"includes":["subject","students","students.contact_details","students.education_details","students.extended_details","students.house","students.registration","students.year","students.boarding","employees","employees.employment_details","lessons","lessons.room","lessons.period"]}}'
    http_version: 
  recorded_at: Thu, 06 Jun 2019 11:16:19 GMT
- request:
    method: get
    uri: https://api.wonde.com/v1.0/schools/A852030759/deletions
    body:
      encoding: US-ASCII
      string: ''
    headers:
      Accept:
      - "*/*"
      Accept-Encoding:
      - gzip, deflate
      User-Agent:
      - wonde-rb-client-0.0.1
      Authorization:
      - Basic 2a550dc912f6a63488af42352b79c5961e87daf9
      Host:
      - api.wonde.com
  response:
    status:
      code: 200
      message: OK
    headers:
      Date:
      - Thu, 06 Jun 2019 11:16:20 GMT
      Content-Type:
      - application/json; charset=utf-8
      Content-Length:
      - '107'
      Connection:
      - keep-alive
      Server:
      - Apache/2.4.25 (Debian)
      Vary:
      - Authorization
      X-Powered-By:
      - PHP/7.1.26
      Cache-Control:
      - no-cache, private
      Access-Control-Allow-Origin:
      - "*"
      Access-Control-Allow-Methods:
      - GET, POST, PUT, DELETE, OPTIONS
      Access-Control-Allow-Headers:
      - Origin, X-Requested-With, Content-Type, Accept, Access-Control-Allow-Origin,
        Authorization
      Access-Control-Allow-Credentials:
      - 'true'
    body:
      encoding: UTF-8
      string: '{"data":[],"meta":{"pagination":{"next":null,"previous":null,"more":false,"per_page":50,"current_page":1}}}'
    http_version: 
  recorded_at: Thu, 06 Jun 2019 11:16:19 GMT
- request:
    method: get
    uri: https://api.wonde.com/v1.0/schools/A852030759/employees/A1984009561?include=contact_details
    body:
      encoding: US-ASCII
      string: ''
    headers:
      Accept:
      - "*/*"
      Accept-Encoding:
      - gzip, deflate
      User-Agent:
      - wonde-rb-client-0.0.1
      Authorization:
      - Basic 2a550dc912f6a63488af42352b79c5961e87daf9
      Host:
      - api.wonde.com
  response:
    status:
      code: 200
      message: OK
    headers:
      Date:
      - Thu, 06 Jun 2019 11:16:20 GMT
      Content-Type:
      - application/json; charset=utf-8
      Content-Length:
      - '1546'
      Connection:
      - keep-alive
      Server:
      - Apache/2.4.25 (Debian)
      Vary:
      - Authorization
      X-Powered-By:
      - PHP/7.1.26
      Cache-Control:
      - no-cache, private
      Access-Control-Allow-Origin:
      - "*"
      Access-Control-Allow-Methods:
      - GET, POST, PUT, DELETE, OPTIONS
      Access-Control-Allow-Headers:
      - Origin, X-Requested-With, Content-Type, Accept, Access-Control-Allow-Origin,
        Authorization
      Access-Control-Allow-Credentials:
      - 'true'
    body:
      encoding: UTF-8
      string: '{"data":{"id":"A1984009561","upi":"caea4baa5b7adac73ab1259987d2bcc0","mis_id":"5b51b82514db2","initials":null,"title":"Miss","surname":"Marshall","forename":"Emma","middle_names":null,"legal_surname":null,"legal_forename":null,"gender":null,"date_of_birth":null,"updated_at":{"date":"2018-07-20
        10:23:33.000000","timezone_type":3,"timezone":"UTC"},"created_at":{"date":"2018-07-20
        10:23:33.000000","timezone_type":3,"timezone":"UTC"},"contact_details":{"data":{"phones":{"phone":null,"primary":null,"home":null,"work":null,"mobile":null},"emails":{"email":"x5j7Vj4r54320f@example.org","primary":"w97DLXLq5432cb@example.com","home":"qY2z6tVt5433c0@example.net","work":"jMccTp2R54346b@example.org"},"addresses":{"home":{"house_number":null,"house_name":null,"apartment":null,"street":null,"district":null,"town":null,"county":null,"country":null,"postcode":null},"work":{"house_number":null,"house_name":null,"apartment":null,"street":null,"district":null,"town":null,"county":null,"country":null,"postcode":null}}}}},"meta":{"includes":["contact_details","employment_details","extended_details","roles","allowances","scales","photo","roles.contract","allowances.contract","scales.contract","contracts","contracts.roles","contracts.salary","contracts.salary.allowances","contracts.salary.scales","salary","salary.contract","groups","classes","classes.subject","classes.lessons","classes.lessons.period","classes.lessons.room","behaviours","behaviours.students","hierarchy","hierarchy.employment_details","employee_absences","user_defined_fields"]}}'
    http_version: 
  recorded_at: Thu, 06 Jun 2019 11:16:20 GMT
recorded_with: VCR 4.0.0
